// Vitest Snapshot v1, https://vitest.dev/guide/snapshot.html

exports[`RichTextEditor component > snapshot editor 1`] = `
<div>
  <div
    data-testid="editor-content"
  >
    <div
      class="tiptap ProseMirror"
      contenteditable="true"
      role="textbox"
      tabindex="0"
      translate="no"
    >
      <p>
        Hello World!
      </p>
    </div>
  </div>
</div>
`;
